// Jest Snapshot v1, https://goo.gl/fbAQLP

exports[`matches snapshot 1`] = `
<div>
  <div />
  <button
    id="todo-edit"
    onClick={[Function]}
  >
    Edit
  </button>
  <button
    id="todo-remove"
    onClick={[Function]}
  >
    uX
  </button>
</div>
`;
